 
****************************************
Report : power
        -analysis_effort low
Design : sa_processing_element
Version: V-2023.12-SP5
Date   : Sun Oct  5 07:54:02 2025
****************************************


Library(s) Used:

    NanGate_15nm_OCL (File: /home/csarch/workspace/MOSA_RTL/syn/pdk/NanGate_15nm_OCL_v0.1_2014_06_Apache.A/front_end/timing_power_noise/NLDM/NanGate_15nm_OCL.db)


Operating Conditions: typical   Library: NanGate_15nm_OCL
Wire Load Model Mode: top


Global Operating Voltage = 0.8  
Power-specific unit information :
    Voltage Units = 1V
    Capacitance Units = 1.000000ff
    Time Units = 1ps
    Dynamic Power Units = 1mW    (derived from V,C,T units)
    Leakage Power Units = 1pW


Attributes
----------
i - Including register clock pin internal power


  Cell Internal Power  =  80.3091 mW   (81%)
  Net Switching Power  =  19.4417 mW   (19%)
                         ---------
Total Dynamic Power    =  99.7508 mW  (100%)

Cell Leakage Power     =   7.3136 uW


                 Internal         Switching           Leakage            Total
Power Group      Power            Power               Power              Power   (   %    )  Attrs
--------------------------------------------------------------------------------------------------
io_pad             0.0000            0.0000            0.0000            0.0000  (   0.00%)
memory             0.0000            0.0000            0.0000            0.0000  (   0.00%)
black_box          0.0000            0.0000            0.0000            0.0000  (   0.00%)
clock_network     72.4785           18.1240        3.4441e+06           90.6060  (  90.83%)  i
register           7.4679            1.2052        3.3533e+06            8.6764  (   8.70%)
sequential         0.0000            0.0000            0.0000            0.0000  (   0.00%)
combinational      0.3627            0.1125        5.1613e+05            0.4757  (   0.48%)
--------------------------------------------------------------------------------------------------
Total             80.3091 mW        19.4417 mW     7.3136e+06 pW        99.7581 mW
1
