 
****************************************
check_design summary:
Version:     V-2023.12-SP5
Date:        Sun Oct  5 07:53:50 2025
****************************************

                   Name                                            Total
--------------------------------------------------------------------------------
Inputs/Outputs                                                     82
    Multiply driven inputs (LINT-6)                                34
    Unconnected ports (LINT-28)                                    48

Nets                                                                1
    Multiply driven net with constant driver (LINT-54)              1

Tristate                                                           50
    A tristate bus has a non tri-state driver (LINT-34)            50
--------------------------------------------------------------------------------

Warning: In design 'sa_processing_element', input port 'clk' drives wired logic; the port direction may have been specified incorrectly. (LINT-6)
Warning: In design 'sa_processing_element', input port 'a[15]' drives wired logic; the port direction may have been specified incorrectly. (LINT-6)
Warning: In design 'sa_processing_element', input port 'a[14]' drives wired logic; the port direction may have been specified incorrectly. (LINT-6)
Warning: In design 'sa_processing_element', input port 'a[13]' drives wired logic; the port direction may have been specified incorrectly. (LINT-6)
Warning: In design 'sa_processing_element', input port 'a[12]' drives wired logic; the port direction may have been specified incorrectly. (LINT-6)
Warning: In design 'sa_processing_element', input port 'a[11]' drives wired logic; the port direction may have been specified incorrectly. (LINT-6)
Warning: In design 'sa_processing_element', input port 'a[10]' drives wired logic; the port direction may have been specified incorrectly. (LINT-6)
Warning: In design 'sa_processing_element', input port 'a[9]' drives wired logic; the port direction may have been specified incorrectly. (LINT-6)
Warning: In design 'sa_processing_element', input port 'a[8]' drives wired logic; the port direction may have been specified incorrectly. (LINT-6)
Warning: In design 'sa_processing_element', input port 'a[7]' drives wired logic; the port direction may have been specified incorrectly. (LINT-6)
Warning: In design 'sa_processing_element', input port 'a[6]' drives wired logic; the port direction may have been specified incorrectly. (LINT-6)
Warning: In design 'sa_processing_element', input port 'a[5]' drives wired logic; the port direction may have been specified incorrectly. (LINT-6)
Warning: In design 'sa_processing_element', input port 'a[4]' drives wired logic; the port direction may have been specified incorrectly. (LINT-6)
Warning: In design 'sa_processing_element', input port 'a[3]' drives wired logic; the port direction may have been specified incorrectly. (LINT-6)
Warning: In design 'sa_processing_element', input port 'a[2]' drives wired logic; the port direction may have been specified incorrectly. (LINT-6)
Warning: In design 'sa_processing_element', input port 'a[1]' drives wired logic; the port direction may have been specified incorrectly. (LINT-6)
Warning: In design 'sa_processing_element', input port 'a[0]' drives wired logic; the port direction may have been specified incorrectly. (LINT-6)
Warning: In design 'sa_processing_element', input port 'b[15]' drives wired logic; the port direction may have been specified incorrectly. (LINT-6)
Warning: In design 'sa_processing_element', input port 'b[14]' drives wired logic; the port direction may have been specified incorrectly. (LINT-6)
Warning: In design 'sa_processing_element', input port 'b[13]' drives wired logic; the port direction may have been specified incorrectly. (LINT-6)
Warning: In design 'sa_processing_element', input port 'b[12]' drives wired logic; the port direction may have been specified incorrectly. (LINT-6)
Warning: In design 'sa_processing_element', input port 'b[11]' drives wired logic; the port direction may have been specified incorrectly. (LINT-6)
Warning: In design 'sa_processing_element', input port 'b[10]' drives wired logic; the port direction may have been specified incorrectly. (LINT-6)
Warning: In design 'sa_processing_element', input port 'b[9]' drives wired logic; the port direction may have been specified incorrectly. (LINT-6)
Warning: In design 'sa_processing_element', input port 'b[8]' drives wired logic; the port direction may have been specified incorrectly. (LINT-6)
Warning: In design 'sa_processing_element', input port 'b[7]' drives wired logic; the port direction may have been specified incorrectly. (LINT-6)
Warning: In design 'sa_processing_element', input port 'b[6]' drives wired logic; the port direction may have been specified incorrectly. (LINT-6)
Warning: In design 'sa_processing_element', input port 'b[5]' drives wired logic; the port direction may have been specified incorrectly. (LINT-6)
Warning: In design 'sa_processing_element', input port 'b[4]' drives wired logic; the port direction may have been specified incorrectly. (LINT-6)
Warning: In design 'sa_processing_element', input port 'b[3]' drives wired logic; the port direction may have been specified incorrectly. (LINT-6)
Warning: In design 'sa_processing_element', input port 'b[2]' drives wired logic; the port direction may have been specified incorrectly. (LINT-6)
Warning: In design 'sa_processing_element', input port 'b[1]' drives wired logic; the port direction may have been specified incorrectly. (LINT-6)
Warning: In design 'sa_processing_element', input port 'b[0]' drives wired logic; the port direction may have been specified incorrectly. (LINT-6)
Warning: In design 'sa_processing_element', input port 'pipeline_en' drives wired logic; the port direction may have been specified incorrectly. (LINT-6)
Warning: In design 'sa_processing_element', port 'c[47]' is not connected to any nets. (LINT-28)
Warning: In design 'sa_processing_element', port 'c[46]' is not connected to any nets. (LINT-28)
Warning: In design 'sa_processing_element', port 'c[45]' is not connected to any nets. (LINT-28)
Warning: In design 'sa_processing_element', port 'c[44]' is not connected to any nets. (LINT-28)
Warning: In design 'sa_processing_element', port 'c[43]' is not connected to any nets. (LINT-28)
Warning: In design 'sa_processing_element', port 'c[42]' is not connected to any nets. (LINT-28)
Warning: In design 'sa_processing_element', port 'c[41]' is not connected to any nets. (LINT-28)
Warning: In design 'sa_processing_element', port 'c[40]' is not connected to any nets. (LINT-28)
Warning: In design 'sa_processing_element', port 'c[39]' is not connected to any nets. (LINT-28)
Warning: In design 'sa_processing_element', port 'c[38]' is not connected to any nets. (LINT-28)
Warning: In design 'sa_processing_element', port 'c[37]' is not connected to any nets. (LINT-28)
Warning: In design 'sa_processing_element', port 'c[36]' is not connected to any nets. (LINT-28)
Warning: In design 'sa_processing_element', port 'c[35]' is not connected to any nets. (LINT-28)
Warning: In design 'sa_processing_element', port 'c[34]' is not connected to any nets. (LINT-28)
Warning: In design 'sa_processing_element', port 'c[33]' is not connected to any nets. (LINT-28)
Warning: In design 'sa_processing_element', port 'c[32]' is not connected to any nets. (LINT-28)
Warning: In design 'sa_processing_element', port 'c[31]' is not connected to any nets. (LINT-28)
Warning: In design 'sa_processing_element', port 'c[30]' is not connected to any nets. (LINT-28)
Warning: In design 'sa_processing_element', port 'c[29]' is not connected to any nets. (LINT-28)
Warning: In design 'sa_processing_element', port 'c[28]' is not connected to any nets. (LINT-28)
Warning: In design 'sa_processing_element', port 'c[27]' is not connected to any nets. (LINT-28)
Warning: In design 'sa_processing_element', port 'c[26]' is not connected to any nets. (LINT-28)
Warning: In design 'sa_processing_element', port 'c[25]' is not connected to any nets. (LINT-28)
Warning: In design 'sa_processing_element', port 'c[24]' is not connected to any nets. (LINT-28)
Warning: In design 'sa_processing_element', port 'c[23]' is not connected to any nets. (LINT-28)
Warning: In design 'sa_processing_element', port 'c[22]' is not connected to any nets. (LINT-28)
Warning: In design 'sa_processing_element', port 'c[21]' is not connected to any nets. (LINT-28)
Warning: In design 'sa_processing_element', port 'c[20]' is not connected to any nets. (LINT-28)
Warning: In design 'sa_processing_element', port 'c[19]' is not connected to any nets. (LINT-28)
Warning: In design 'sa_processing_element', port 'c[18]' is not connected to any nets. (LINT-28)
Warning: In design 'sa_processing_element', port 'c[17]' is not connected to any nets. (LINT-28)
Warning: In design 'sa_processing_element', port 'c[16]' is not connected to any nets. (LINT-28)
Warning: In design 'sa_processing_element', port 'c[15]' is not connected to any nets. (LINT-28)
Warning: In design 'sa_processing_element', port 'c[14]' is not connected to any nets. (LINT-28)
Warning: In design 'sa_processing_element', port 'c[13]' is not connected to any nets. (LINT-28)
Warning: In design 'sa_processing_element', port 'c[12]' is not connected to any nets. (LINT-28)
Warning: In design 'sa_processing_element', port 'c[11]' is not connected to any nets. (LINT-28)
Warning: In design 'sa_processing_element', port 'c[10]' is not connected to any nets. (LINT-28)
Warning: In design 'sa_processing_element', port 'c[9]' is not connected to any nets. (LINT-28)
Warning: In design 'sa_processing_element', port 'c[8]' is not connected to any nets. (LINT-28)
Warning: In design 'sa_processing_element', port 'c[7]' is not connected to any nets. (LINT-28)
Warning: In design 'sa_processing_element', port 'c[6]' is not connected to any nets. (LINT-28)
Warning: In design 'sa_processing_element', port 'c[5]' is not connected to any nets. (LINT-28)
Warning: In design 'sa_processing_element', port 'c[4]' is not connected to any nets. (LINT-28)
Warning: In design 'sa_processing_element', port 'c[3]' is not connected to any nets. (LINT-28)
Warning: In design 'sa_processing_element', port 'c[2]' is not connected to any nets. (LINT-28)
Warning: In design 'sa_processing_element', port 'c[1]' is not connected to any nets. (LINT-28)
Warning: In design 'sa_processing_element', port 'c[0]' is not connected to any nets. (LINT-28)
Warning: In design 'sa_processing_element', three-state bus '_0_net_' has non three-state driver 'C367/Z'. (LINT-34)
Warning: In design 'sa_processing_element', three-state bus 'c_out[0]' has non three-state driver 'mac_q_reg[0]/Q'. (LINT-34)
Warning: In design 'sa_processing_element', three-state bus 'c_out[1]' has non three-state driver 'mac_q_reg[1]/Q'. (LINT-34)
Warning: In design 'sa_processing_element', three-state bus 'c_out[2]' has non three-state driver 'mac_q_reg[2]/Q'. (LINT-34)
Warning: In design 'sa_processing_element', three-state bus 'c_out[3]' has non three-state driver 'mac_q_reg[3]/Q'. (LINT-34)
Warning: In design 'sa_processing_element', three-state bus 'c_out[4]' has non three-state driver 'mac_q_reg[4]/Q'. (LINT-34)
Warning: In design 'sa_processing_element', three-state bus 'c_out[5]' has non three-state driver 'mac_q_reg[5]/Q'. (LINT-34)
Warning: In design 'sa_processing_element', three-state bus 'c_out[6]' has non three-state driver 'mac_q_reg[6]/Q'. (LINT-34)
Warning: In design 'sa_processing_element', three-state bus 'c_out[7]' has non three-state driver 'mac_q_reg[7]/Q'. (LINT-34)
Warning: In design 'sa_processing_element', three-state bus 'c_out[8]' has non three-state driver 'mac_q_reg[8]/Q'. (LINT-34)
Warning: In design 'sa_processing_element', three-state bus 'c_out[9]' has non three-state driver 'mac_q_reg[9]/Q'. (LINT-34)
Warning: In design 'sa_processing_element', three-state bus 'c_out[10]' has non three-state driver 'mac_q_reg[10]/Q'. (LINT-34)
Warning: In design 'sa_processing_element', three-state bus 'c_out[11]' has non three-state driver 'mac_q_reg[11]/Q'. (LINT-34)
Warning: In design 'sa_processing_element', three-state bus 'c_out[12]' has non three-state driver 'mac_q_reg[12]/Q'. (LINT-34)
Warning: In design 'sa_processing_element', three-state bus 'c_out[13]' has non three-state driver 'mac_q_reg[13]/Q'. (LINT-34)
Warning: In design 'sa_processing_element', three-state bus 'c_out[14]' has non three-state driver 'mac_q_reg[14]/Q'. (LINT-34)
Warning: In design 'sa_processing_element', three-state bus 'c_out[15]' has non three-state driver 'mac_q_reg[15]/Q'. (LINT-34)
Warning: In design 'sa_processing_element', three-state bus 'c_out[16]' has non three-state driver 'mac_q_reg[16]/Q'. (LINT-34)
Warning: In design 'sa_processing_element', three-state bus 'c_out[17]' has non three-state driver 'mac_q_reg[17]/Q'. (LINT-34)
Warning: In design 'sa_processing_element', three-state bus 'c_out[18]' has non three-state driver 'mac_q_reg[18]/Q'. (LINT-34)
Warning: In design 'sa_processing_element', three-state bus 'c_out[19]' has non three-state driver 'mac_q_reg[19]/Q'. (LINT-34)
Warning: In design 'sa_processing_element', three-state bus 'c_out[20]' has non three-state driver 'mac_q_reg[20]/Q'. (LINT-34)
Warning: In design 'sa_processing_element', three-state bus 'c_out[21]' has non three-state driver 'mac_q_reg[21]/Q'. (LINT-34)
Warning: In design 'sa_processing_element', three-state bus 'c_out[22]' has non three-state driver 'mac_q_reg[22]/Q'. (LINT-34)
Warning: In design 'sa_processing_element', three-state bus 'c_out[23]' has non three-state driver 'mac_q_reg[23]/Q'. (LINT-34)
Warning: In design 'sa_processing_element', three-state bus 'c_out[24]' has non three-state driver 'mac_q_reg[24]/Q'. (LINT-34)
Warning: In design 'sa_processing_element', three-state bus 'c_out[25]' has non three-state driver 'mac_q_reg[25]/Q'. (LINT-34)
Warning: In design 'sa_processing_element', three-state bus 'c_out[26]' has non three-state driver 'mac_q_reg[26]/Q'. (LINT-34)
Warning: In design 'sa_processing_element', three-state bus 'c_out[27]' has non three-state driver 'mac_q_reg[27]/Q'. (LINT-34)
Warning: In design 'sa_processing_element', three-state bus 'c_out[28]' has non three-state driver 'mac_q_reg[28]/Q'. (LINT-34)
Warning: In design 'sa_processing_element', three-state bus 'c_out[29]' has non three-state driver 'mac_q_reg[29]/Q'. (LINT-34)
Warning: In design 'sa_processing_element', three-state bus 'c_out[30]' has non three-state driver 'mac_q_reg[30]/Q'. (LINT-34)
Warning: In design 'sa_processing_element', three-state bus 'c_out[31]' has non three-state driver 'mac_q_reg[31]/Q'. (LINT-34)
Warning: In design 'sa_processing_element', three-state bus 'c_out[32]' has non three-state driver 'mac_q_reg[32]/Q'. (LINT-34)
Warning: In design 'sa_processing_element', three-state bus 'c_out[33]' has non three-state driver 'mac_q_reg[33]/Q'. (LINT-34)
Warning: In design 'sa_processing_element', three-state bus 'c_out[34]' has non three-state driver 'mac_q_reg[34]/Q'. (LINT-34)
Warning: In design 'sa_processing_element', three-state bus 'c_out[35]' has non three-state driver 'mac_q_reg[35]/Q'. (LINT-34)
Warning: In design 'sa_processing_element', three-state bus 'c_out[36]' has non three-state driver 'mac_q_reg[36]/Q'. (LINT-34)
Warning: In design 'sa_processing_element', three-state bus 'c_out[37]' has non three-state driver 'mac_q_reg[37]/Q'. (LINT-34)
Warning: In design 'sa_processing_element', three-state bus 'c_out[38]' has non three-state driver 'mac_q_reg[38]/Q'. (LINT-34)
Warning: In design 'sa_processing_element', three-state bus 'c_out[39]' has non three-state driver 'mac_q_reg[39]/Q'. (LINT-34)
Warning: In design 'sa_processing_element', three-state bus 'c_out[40]' has non three-state driver 'mac_q_reg[40]/Q'. (LINT-34)
Warning: In design 'sa_processing_element', three-state bus 'c_out[41]' has non three-state driver 'mac_q_reg[41]/Q'. (LINT-34)
Warning: In design 'sa_processing_element', three-state bus 'c_out[42]' has non three-state driver 'mac_q_reg[42]/Q'. (LINT-34)
Warning: In design 'sa_processing_element', three-state bus 'c_out[43]' has non three-state driver 'mac_q_reg[43]/Q'. (LINT-34)
Warning: In design 'sa_processing_element', three-state bus 'c_out[44]' has non three-state driver 'mac_q_reg[44]/Q'. (LINT-34)
Warning: In design 'sa_processing_element', three-state bus 'c_out[45]' has non three-state driver 'mac_q_reg[45]/Q'. (LINT-34)
Warning: In design 'sa_processing_element', three-state bus 'c_out[46]' has non three-state driver 'mac_q_reg[46]/Q'. (LINT-34)
Warning: In design 'sa_processing_element', three-state bus 'c_out[47]' has non three-state driver 'mac_q_reg[47]/Q'. (LINT-34)
Warning: In design 'sa_processing_element', three-state bus '*Logic0*' has non three-state driver 'U2/**logic_0**'. (LINT-34)
Warning: In design 'sa_processing_element', multiply-driven net '*Logic0*' is driven by constant 0. (LINT-54)
1
