Error: Width mismatch on port 'i_c' of reference to 'fma_wrapper' in 'sa_processing_element'. (LINK-3)
Error: Unable to match ports of cell fma_i ('fma_wrapper') to 'fma_wrapper_MUL_TYPE0_M_APPROX0_MM_APPROX0_ADD_TYPE0_A_APPROX0_AA_APPROX0_STAGES2_INTERMEDIATE_PIPELINE_STAGE1_ZERO_GATING_MULT0_FP_W16'. (LINK-25)
Information: Updating design information... (UID-85)
 
****************************************
Report : constraint
        -all_violators
Design : sa_processing_element
Version: V-2023.12-SP5
Date   : Sun Oct  5 07:54:02 2025
****************************************


   max_delay/setup ('MAIN_CLOCK' group)

                             Required        Actual
   Endpoint                 Path Delay     Path Delay        Slack
   -----------------------------------------------------------------
   mac_q_reg[10]/D             -5.66          18.00 r       -23.66  (VIOLATED)
   mac_q_reg[11]/D             -5.66          18.00 r       -23.66  (VIOLATED)
   mac_q_reg[12]/D             -5.66          18.00 r       -23.66  (VIOLATED)
   mac_q_reg[34]/D             -5.66          17.96 r       -23.62  (VIOLATED)
   mac_q_reg[35]/D             -5.66          17.96 r       -23.62  (VIOLATED)
   mac_q_reg[41]/D             -5.66          17.96 r       -23.62  (VIOLATED)
   mac_q_reg[42]/D             -5.66          17.96 r       -23.62  (VIOLATED)
   mac_q_reg[43]/D             -5.66          17.96 r       -23.62  (VIOLATED)
   mac_q_reg[16]/D             -5.65          17.91 r       -23.56  (VIOLATED)
   mac_q_reg[17]/D             -5.65          17.91 r       -23.56  (VIOLATED)
   mac_q_reg[18]/D             -5.65          17.91 r       -23.56  (VIOLATED)
   mac_q_reg[19]/D             -5.65          17.90 r       -23.55  (VIOLATED)
   mac_q_reg[20]/D             -5.65          17.90 r       -23.55  (VIOLATED)
   mac_q_reg[21]/D             -5.65          17.90 r       -23.55  (VIOLATED)
   mac_q_reg[4]/D              -5.65          17.89 r       -23.54  (VIOLATED)
   mac_q_reg[5]/D              -5.65          17.89 r       -23.54  (VIOLATED)
   mac_q_reg[6]/D              -5.65          17.89 r       -23.54  (VIOLATED)
   mac_q_reg[13]/D             -5.65          17.89 r       -23.54  (VIOLATED)
   mac_q_reg[14]/D             -5.65          17.89 r       -23.54  (VIOLATED)
   mac_q_reg[15]/D             -5.65          17.89 r       -23.54  (VIOLATED)
   mac_q_reg[1]/D              -5.65          17.89 r       -23.53  (VIOLATED)
   mac_q_reg[2]/D              -5.65          17.89 r       -23.53  (VIOLATED)
   mac_q_reg[22]/D             -5.65          17.89 r       -23.53  (VIOLATED)
   mac_q_reg[23]/D             -5.65          17.89 r       -23.53  (VIOLATED)
   mac_q_reg[24]/D             -5.65          17.89 r       -23.53  (VIOLATED)
   mac_q_reg[0]/D              -5.65          17.88 r       -23.53  (VIOLATED)
   mac_q_reg[3]/D              -5.65          17.88 r       -23.53  (VIOLATED)
   mac_q_reg[25]/D             -5.65          17.88 r       -23.53  (VIOLATED)
   mac_q_reg[26]/D             -5.65          17.88 r       -23.53  (VIOLATED)
   mac_q_reg[27]/D             -5.65          17.88 r       -23.53  (VIOLATED)
   mac_q_reg[28]/D             -5.65          17.88 r       -23.53  (VIOLATED)
   mac_q_reg[29]/D             -5.65          17.88 r       -23.53  (VIOLATED)
   mac_q_reg[30]/D             -5.65          17.88 r       -23.53  (VIOLATED)
   mac_q_reg[31]/D             -5.65          17.88 r       -23.53  (VIOLATED)
   mac_q_reg[32]/D             -5.65          17.88 r       -23.53  (VIOLATED)
   mac_q_reg[33]/D             -5.65          17.88 r       -23.53  (VIOLATED)
   mac_q_reg[36]/D             -5.65          17.88 r       -23.53  (VIOLATED)
   mac_q_reg[37]/D             -5.65          17.88 r       -23.53  (VIOLATED)
   mac_q_reg[38]/D             -5.65          17.88 r       -23.53  (VIOLATED)
   mac_q_reg[39]/D             -5.65          17.88 r       -23.53  (VIOLATED)
   mac_q_reg[40]/D             -5.65          17.88 r       -23.53  (VIOLATED)
   mac_q_reg[46]/D             -5.65          17.88 r       -23.53  (VIOLATED)
   mac_q_reg[47]/D             -5.65          17.88 r       -23.53  (VIOLATED)
   mac_q_reg[44]/D             -5.65          17.86 r       -23.51  (VIOLATED)
   mac_q_reg[45]/D             -5.65          17.86 r       -23.51  (VIOLATED)
   a_q_reg[0]/D                -5.65          17.69 r       -23.34  (VIOLATED)
   a_q_reg[1]/D                -5.65          17.69 r       -23.34  (VIOLATED)
   a_q_reg[2]/D                -5.65          17.69 r       -23.34  (VIOLATED)
   a_q_reg[3]/D                -5.65          17.69 r       -23.34  (VIOLATED)
   a_q_reg[4]/D                -5.65          17.69 r       -23.34  (VIOLATED)
   a_q_reg[5]/D                -5.65          17.69 r       -23.34  (VIOLATED)
   a_q_reg[6]/D                -5.65          17.69 r       -23.34  (VIOLATED)
   a_q_reg[7]/D                -5.65          17.69 r       -23.34  (VIOLATED)
   a_q_reg[8]/D                -5.65          17.69 r       -23.34  (VIOLATED)
   a_q_reg[9]/D                -5.65          17.69 r       -23.34  (VIOLATED)
   a_q_reg[10]/D               -5.65          17.69 r       -23.34  (VIOLATED)
   a_q_reg[11]/D               -5.65          17.69 r       -23.34  (VIOLATED)
   a_q_reg[12]/D               -5.65          17.69 r       -23.34  (VIOLATED)
   a_q_reg[13]/D               -5.65          17.69 r       -23.34  (VIOLATED)
   b_q_reg[0]/D                -5.65          17.69 r       -23.34  (VIOLATED)
   b_q_reg[1]/D                -5.65          17.69 r       -23.34  (VIOLATED)
   b_q_reg[2]/D                -5.65          17.69 r       -23.34  (VIOLATED)
   b_q_reg[3]/D                -5.65          17.69 r       -23.34  (VIOLATED)
   b_q_reg[4]/D                -5.65          17.69 r       -23.34  (VIOLATED)
   b_q_reg[5]/D                -5.65          17.69 r       -23.34  (VIOLATED)
   b_q_reg[6]/D                -5.65          17.69 r       -23.34  (VIOLATED)
   b_q_reg[7]/D                -5.65          17.69 r       -23.34  (VIOLATED)
   b_q_reg[8]/D                -5.65          17.69 r       -23.34  (VIOLATED)
   b_q_reg[9]/D                -5.65          17.69 r       -23.34  (VIOLATED)
   b_q_reg[10]/D               -5.65          17.69 r       -23.34  (VIOLATED)
   b_q_reg[11]/D               -5.65          17.69 r       -23.34  (VIOLATED)
   b_q_reg[12]/D               -5.65          17.69 r       -23.34  (VIOLATED)
   b_q_reg[15]/D               -5.65          17.69 r       -23.34  (VIOLATED)
   mac_q_reg[7]/D              -5.65          17.69 r       -23.34  (VIOLATED)
   mac_q_reg[8]/D              -5.65          17.69 r       -23.34  (VIOLATED)
   mac_q_reg[9]/D              -5.65          17.69 r       -23.34  (VIOLATED)
   a_q_reg[14]/D               -5.67          17.57 r       -23.24  (VIOLATED)
   a_q_reg[15]/D               -5.67          17.57 r       -23.24  (VIOLATED)
   b_q_reg[13]/D               -5.67          17.57 r       -23.24  (VIOLATED)
   b_q_reg[14]/D               -5.67          17.57 r       -23.24  (VIOLATED)


   max_delay/setup ('INPUTS' group)

                             Required        Actual
   Endpoint                 Path Delay     Path Delay        Slack
   -----------------------------------------------------------------
   mac_q_reg[11]/D             -5.66          21.52 r       -27.18  (VIOLATED)
   mac_q_reg[21]/D             -5.65          21.52 r       -27.17  (VIOLATED)
   a_q_reg[11]/D               -5.65          21.52 r       -27.17  (VIOLATED)
   a_q_reg[12]/D               -5.65          21.52 r       -27.17  (VIOLATED)
   a_q_reg[13]/D               -5.65          21.52 r       -27.17  (VIOLATED)
   b_q_reg[0]/D                -5.65          21.52 r       -27.17  (VIOLATED)
   mac_q_reg[7]/D              -5.65          21.52 r       -27.17  (VIOLATED)
   mac_q_reg[8]/D              -5.65          21.52 r       -27.17  (VIOLATED)
   mac_q_reg[6]/D              -5.65          21.52 r       -27.17  (VIOLATED)
   mac_q_reg[22]/D             -5.65          21.52 r       -27.17  (VIOLATED)
   mac_q_reg[42]/D             -5.66          21.50 r       -27.16  (VIOLATED)
   mac_q_reg[43]/D             -5.66          21.50 r       -27.16  (VIOLATED)
   mac_q_reg[16]/D             -5.65          21.50 r       -27.15  (VIOLATED)
   mac_q_reg[17]/D             -5.65          21.50 r       -27.15  (VIOLATED)
   mac_q_reg[19]/D             -5.65          21.50 r       -27.15  (VIOLATED)
   mac_q_reg[20]/D             -5.65          21.50 r       -27.15  (VIOLATED)
   b_q_reg[1]/D                -5.65          21.50 r       -27.15  (VIOLATED)
   b_q_reg[2]/D                -5.65          21.50 r       -27.15  (VIOLATED)
   mac_q_reg[4]/D              -5.65          21.50 r       -27.15  (VIOLATED)
   mac_q_reg[15]/D             -5.65          21.50 r       -27.15  (VIOLATED)
   mac_q_reg[18]/D             -5.65          21.50 r       -27.15  (VIOLATED)
   mac_q_reg[25]/D             -5.65          21.50 r       -27.15  (VIOLATED)
   mac_q_reg[26]/D             -5.65          21.50 r       -27.15  (VIOLATED)
   a_q_reg[2]/D                -5.65          21.50 r       -27.15  (VIOLATED)
   a_q_reg[3]/D                -5.65          21.50 r       -27.15  (VIOLATED)
   a_q_reg[4]/D                -5.65          21.50 r       -27.15  (VIOLATED)
   b_q_reg[3]/D                -5.65          21.50 r       -27.15  (VIOLATED)
   mac_q_reg[9]/D              -5.65          21.50 r       -27.15  (VIOLATED)
   mac_q_reg[24]/D             -5.65          21.50 r       -27.15  (VIOLATED)
   mac_q_reg[44]/D             -5.65          21.50 r       -27.15  (VIOLATED)
   mac_q_reg[12]/D             -5.66          21.48 r       -27.14  (VIOLATED)
   a_q_reg[5]/D                -5.65          21.48 r       -27.13  (VIOLATED)
   a_q_reg[7]/D                -5.65          21.48 r       -27.13  (VIOLATED)
   a_q_reg[8]/D                -5.65          21.48 r       -27.13  (VIOLATED)
   a_q_reg[9]/D                -5.65          21.48 r       -27.13  (VIOLATED)
   a_q_reg[10]/D               -5.65          21.48 r       -27.13  (VIOLATED)
   b_q_reg[4]/D                -5.65          21.48 r       -27.13  (VIOLATED)
   b_q_reg[5]/D                -5.65          21.48 r       -27.13  (VIOLATED)
   mac_q_reg[5]/D              -5.65          21.48 r       -27.13  (VIOLATED)
   mac_q_reg[13]/D             -5.65          21.48 r       -27.13  (VIOLATED)
   mac_q_reg[14]/D             -5.65          21.48 r       -27.13  (VIOLATED)
   mac_q_reg[2]/D              -5.65          21.48 r       -27.13  (VIOLATED)
   mac_q_reg[0]/D              -5.65          21.48 r       -27.13  (VIOLATED)
   mac_q_reg[3]/D              -5.65          21.48 r       -27.13  (VIOLATED)
   mac_q_reg[27]/D             -5.65          21.48 r       -27.13  (VIOLATED)
   mac_q_reg[28]/D             -5.65          21.48 r       -27.13  (VIOLATED)
   mac_q_reg[29]/D             -5.65          21.48 r       -27.13  (VIOLATED)
   mac_q_reg[46]/D             -5.65          21.48 r       -27.13  (VIOLATED)
   mac_q_reg[47]/D             -5.65          21.48 r       -27.13  (VIOLATED)
   mac_q_reg[45]/D             -5.65          21.48 r       -27.13  (VIOLATED)
   mac_q_reg[41]/D             -5.66          21.06 r       -26.72  (VIOLATED)
   a_q_reg[0]/D                -5.65          21.06 r       -26.71  (VIOLATED)
   a_q_reg[1]/D                -5.65          21.06 r       -26.71  (VIOLATED)
   a_q_reg[6]/D                -5.65          21.06 r       -26.71  (VIOLATED)
   b_q_reg[15]/D               -5.65          21.06 r       -26.71  (VIOLATED)
   mac_q_reg[1]/D              -5.65          21.06 r       -26.71  (VIOLATED)
   mac_q_reg[23]/D             -5.65          21.06 r       -26.71  (VIOLATED)
   mac_q_reg[39]/D             -5.65          21.06 r       -26.71  (VIOLATED)
   mac_q_reg[40]/D             -5.65          21.06 r       -26.71  (VIOLATED)
   a_q_reg[14]/D               -5.67          20.80 r       -26.48  (VIOLATED)
   a_q_reg[15]/D               -5.67          20.80 r       -26.48  (VIOLATED)
   b_q_reg[13]/D               -5.67          20.80 r       -26.48  (VIOLATED)
   b_q_reg[14]/D               -5.67          20.80 r       -26.48  (VIOLATED)
   mac_q_reg[10]/D             -5.66          20.66 r       -26.32  (VIOLATED)
   mac_q_reg[34]/D             -5.66          20.66 r       -26.31  (VIOLATED)
   mac_q_reg[35]/D             -5.66          20.66 r       -26.31  (VIOLATED)
   b_q_reg[6]/D                -5.65          20.66 r       -26.31  (VIOLATED)
   b_q_reg[7]/D                -5.65          20.66 r       -26.31  (VIOLATED)
   b_q_reg[8]/D                -5.65          20.66 r       -26.31  (VIOLATED)
   b_q_reg[9]/D                -5.65          20.66 r       -26.31  (VIOLATED)
   b_q_reg[10]/D               -5.65          20.66 r       -26.31  (VIOLATED)
   b_q_reg[11]/D               -5.65          20.66 r       -26.31  (VIOLATED)
   b_q_reg[12]/D               -5.65          20.66 r       -26.31  (VIOLATED)
   mac_q_reg[30]/D             -5.65          20.66 r       -26.31  (VIOLATED)
   mac_q_reg[31]/D             -5.65          20.66 r       -26.31  (VIOLATED)
   mac_q_reg[32]/D             -5.65          20.66 r       -26.31  (VIOLATED)
   mac_q_reg[33]/D             -5.65          20.66 r       -26.31  (VIOLATED)
   mac_q_reg[36]/D             -5.65          20.66 r       -26.31  (VIOLATED)
   mac_q_reg[37]/D             -5.65          20.66 r       -26.31  (VIOLATED)
   mac_q_reg[38]/D             -5.65          20.66 r       -26.31  (VIOLATED)


   max_delay/setup ('OUTPUTS' group)

                             Required        Actual
   Endpoint                 Path Delay     Path Delay        Slack
   -----------------------------------------------------------------
   c_out[0]                     2.10          15.99 r       -13.89  (VIOLATED)
   c_out[1]                     2.10          15.99 r       -13.89  (VIOLATED)
   c_out[2]                     2.10          15.99 r       -13.89  (VIOLATED)
   c_out[3]                     2.10          15.99 r       -13.89  (VIOLATED)
   c_out[4]                     2.10          15.99 r       -13.89  (VIOLATED)
   c_out[5]                     2.10          15.99 r       -13.89  (VIOLATED)
   c_out[6]                     2.10          15.99 r       -13.89  (VIOLATED)
   c_out[10]                    2.10          15.99 r       -13.89  (VIOLATED)
   c_out[11]                    2.10          15.99 r       -13.89  (VIOLATED)
   c_out[12]                    2.10          15.99 r       -13.89  (VIOLATED)
   c_out[13]                    2.10          15.99 r       -13.89  (VIOLATED)
   c_out[14]                    2.10          15.99 r       -13.89  (VIOLATED)
   c_out[15]                    2.10          15.99 r       -13.89  (VIOLATED)
   c_out[16]                    2.10          15.99 r       -13.89  (VIOLATED)
   c_out[17]                    2.10          15.99 r       -13.89  (VIOLATED)
   c_out[18]                    2.10          15.99 r       -13.89  (VIOLATED)
   c_out[19]                    2.10          15.99 r       -13.89  (VIOLATED)
   c_out[20]                    2.10          15.99 r       -13.89  (VIOLATED)
   c_out[21]                    2.10          15.99 r       -13.89  (VIOLATED)
   c_out[22]                    2.10          15.99 r       -13.89  (VIOLATED)
   c_out[23]                    2.10          15.99 r       -13.89  (VIOLATED)
   c_out[24]                    2.10          15.99 r       -13.89  (VIOLATED)
   c_out[25]                    2.10          15.99 r       -13.89  (VIOLATED)
   c_out[26]                    2.10          15.99 r       -13.89  (VIOLATED)
   c_out[27]                    2.10          15.99 r       -13.89  (VIOLATED)
   c_out[28]                    2.10          15.99 r       -13.89  (VIOLATED)
   c_out[29]                    2.10          15.99 r       -13.89  (VIOLATED)
   c_out[30]                    2.10          15.99 r       -13.89  (VIOLATED)
   c_out[31]                    2.10          15.99 r       -13.89  (VIOLATED)
   c_out[32]                    2.10          15.99 r       -13.89  (VIOLATED)
   c_out[33]                    2.10          15.99 r       -13.89  (VIOLATED)
   c_out[34]                    2.10          15.99 r       -13.89  (VIOLATED)
   c_out[35]                    2.10          15.99 r       -13.89  (VIOLATED)
   c_out[36]                    2.10          15.99 r       -13.89  (VIOLATED)
   c_out[37]                    2.10          15.99 r       -13.89  (VIOLATED)
   c_out[38]                    2.10          15.99 r       -13.89  (VIOLATED)
   c_out[39]                    2.10          15.99 r       -13.89  (VIOLATED)
   c_out[40]                    2.10          15.99 r       -13.89  (VIOLATED)
   c_out[41]                    2.10          15.99 r       -13.89  (VIOLATED)
   c_out[42]                    2.10          15.99 r       -13.89  (VIOLATED)
   c_out[43]                    2.10          15.99 r       -13.89  (VIOLATED)
   c_out[44]                    2.10          15.99 r       -13.89  (VIOLATED)
   c_out[45]                    2.10          15.99 r       -13.89  (VIOLATED)
   c_out[46]                    2.10          15.99 r       -13.89  (VIOLATED)
   c_out[47]                    2.10          15.99 r       -13.89  (VIOLATED)
   a_out[0]                     2.10          15.86 r       -13.76  (VIOLATED)
   a_out[1]                     2.10          15.86 r       -13.76  (VIOLATED)
   a_out[2]                     2.10          15.86 r       -13.76  (VIOLATED)
   a_out[3]                     2.10          15.86 r       -13.76  (VIOLATED)
   a_out[4]                     2.10          15.86 r       -13.76  (VIOLATED)
   a_out[5]                     2.10          15.86 r       -13.76  (VIOLATED)
   a_out[6]                     2.10          15.86 r       -13.76  (VIOLATED)
   a_out[7]                     2.10          15.86 r       -13.76  (VIOLATED)
   a_out[8]                     2.10          15.86 r       -13.76  (VIOLATED)
   a_out[9]                     2.10          15.86 r       -13.76  (VIOLATED)
   a_out[10]                    2.10          15.86 r       -13.76  (VIOLATED)
   a_out[11]                    2.10          15.86 r       -13.76  (VIOLATED)
   a_out[12]                    2.10          15.86 r       -13.76  (VIOLATED)
   a_out[13]                    2.10          15.86 r       -13.76  (VIOLATED)
   a_out[14]                    2.10          15.86 r       -13.76  (VIOLATED)
   a_out[15]                    2.10          15.86 r       -13.76  (VIOLATED)
   b_out[0]                     2.10          15.86 r       -13.76  (VIOLATED)
   b_out[1]                     2.10          15.86 r       -13.76  (VIOLATED)
   b_out[2]                     2.10          15.86 r       -13.76  (VIOLATED)
   b_out[3]                     2.10          15.86 r       -13.76  (VIOLATED)
   b_out[4]                     2.10          15.86 r       -13.76  (VIOLATED)
   b_out[5]                     2.10          15.86 r       -13.76  (VIOLATED)
   b_out[6]                     2.10          15.86 r       -13.76  (VIOLATED)
   b_out[7]                     2.10          15.86 r       -13.76  (VIOLATED)
   b_out[8]                     2.10          15.86 r       -13.76  (VIOLATED)
   b_out[9]                     2.10          15.86 r       -13.76  (VIOLATED)
   b_out[10]                    2.10          15.86 r       -13.76  (VIOLATED)
   b_out[11]                    2.10          15.86 r       -13.76  (VIOLATED)
   b_out[12]                    2.10          15.86 r       -13.76  (VIOLATED)
   b_out[13]                    2.10          15.86 r       -13.76  (VIOLATED)
   b_out[14]                    2.10          15.86 r       -13.76  (VIOLATED)
   b_out[15]                    2.10          15.86 r       -13.76  (VIOLATED)
   c_out[7]                     2.10          15.86 r       -13.76  (VIOLATED)
   c_out[8]                     2.10          15.86 r       -13.76  (VIOLATED)
   c_out[9]                     2.10          15.86 r       -13.76  (VIOLATED)


   max_area

                             Required        Actual
   Design                      Area           Area           Slack
   -----------------------------------------------------------------
   sa_processing_element        0.00         178.77        -178.77  (VIOLATED)


   max_leakage_power

                             Required        Actual
   Design                   Leakage Power  Leakage Power     Slack
   -----------------------------------------------------------------
   sa_processing_element        0.00       7894043.00     -7894043.00
                                                                    (VIOLATED)


Min pulse width constraints

                       Required      Actual
  Pin                pulse width   pulse width   Slack           Scenario
--------------------------------------------------------------------------------
  a_q_reg[0]/CLK(high)
                      6.75          0.20         -6.55 (VIOLATED)
  a_q_reg[1]/CLK(high)
                      6.75          0.20         -6.55 (VIOLATED)
  a_q_reg[2]/CLK(high)
                      6.75          0.20         -6.55 (VIOLATED)
  a_q_reg[3]/CLK(high)
                      6.75          0.20         -6.55 (VIOLATED)
  a_q_reg[4]/CLK(high)
                      6.75          0.20         -6.55 (VIOLATED)
  a_q_reg[5]/CLK(high)
                      6.75          0.20         -6.55 (VIOLATED)
  a_q_reg[6]/CLK(high)
                      6.75          0.20         -6.55 (VIOLATED)
  a_q_reg[7]/CLK(high)
                      6.75          0.20         -6.55 (VIOLATED)
  a_q_reg[8]/CLK(high)
                      6.75          0.20         -6.55 (VIOLATED)
  a_q_reg[9]/CLK(high)
                      6.75          0.20         -6.55 (VIOLATED)
  a_q_reg[10]/CLK(high)
                      6.75          0.20         -6.55 (VIOLATED)
  a_q_reg[11]/CLK(high)
                      6.75          0.20         -6.55 (VIOLATED)
  a_q_reg[12]/CLK(high)
                      6.75          0.20         -6.55 (VIOLATED)
  a_q_reg[13]/CLK(high)
                      6.75          0.20         -6.55 (VIOLATED)
  a_q_reg[14]/CLK(high)
                      6.75          0.20         -6.55 (VIOLATED)
  a_q_reg[15]/CLK(high)
                      6.75          0.20         -6.55 (VIOLATED)
  b_q_reg[0]/CLK(high)
                      6.75          0.20         -6.55 (VIOLATED)
  b_q_reg[1]/CLK(high)
                      6.75          0.20         -6.55 (VIOLATED)
  b_q_reg[2]/CLK(high)
                      6.75          0.20         -6.55 (VIOLATED)
  b_q_reg[3]/CLK(high)
                      6.75          0.20         -6.55 (VIOLATED)
  b_q_reg[4]/CLK(high)
                      6.75          0.20         -6.55 (VIOLATED)
  b_q_reg[5]/CLK(high)
                      6.75          0.20         -6.55 (VIOLATED)
  b_q_reg[6]/CLK(high)
                      6.75          0.20         -6.55 (VIOLATED)
  b_q_reg[7]/CLK(high)
                      6.75          0.20         -6.55 (VIOLATED)
  b_q_reg[8]/CLK(high)
                      6.75          0.20         -6.55 (VIOLATED)
  b_q_reg[9]/CLK(high)
                      6.75          0.20         -6.55 (VIOLATED)
  b_q_reg[10]/CLK(high)
                      6.75          0.20         -6.55 (VIOLATED)
  b_q_reg[11]/CLK(high)
                      6.75          0.20         -6.55 (VIOLATED)
  b_q_reg[12]/CLK(high)
                      6.75          0.20         -6.55 (VIOLATED)
  b_q_reg[13]/CLK(high)
                      6.75          0.20         -6.55 (VIOLATED)
  b_q_reg[14]/CLK(high)
                      6.75          0.20         -6.55 (VIOLATED)
  b_q_reg[15]/CLK(high)
                      6.75          0.20         -6.55 (VIOLATED)
  mac_q_reg[0]/CLK(high)
                      6.75          0.20         -6.55 (VIOLATED)
  mac_q_reg[1]/CLK(high)
                      6.75          0.20         -6.55 (VIOLATED)
  mac_q_reg[2]/CLK(high)
                      6.75          0.20         -6.55 (VIOLATED)
  mac_q_reg[3]/CLK(high)
                      6.75          0.20         -6.55 (VIOLATED)
  mac_q_reg[4]/CLK(high)
                      6.75          0.20         -6.55 (VIOLATED)
  mac_q_reg[5]/CLK(high)
                      6.75          0.20         -6.55 (VIOLATED)
  mac_q_reg[6]/CLK(high)
                      6.75          0.20         -6.55 (VIOLATED)
  mac_q_reg[7]/CLK(high)
                      6.75          0.20         -6.55 (VIOLATED)
  mac_q_reg[8]/CLK(high)
                      6.75          0.20         -6.55 (VIOLATED)
  mac_q_reg[9]/CLK(high)
                      6.75          0.20         -6.55 (VIOLATED)
  mac_q_reg[10]/CLK(high)
                      6.75          0.20         -6.55 (VIOLATED)
  mac_q_reg[11]/CLK(high)
                      6.75          0.20         -6.55 (VIOLATED)
  mac_q_reg[12]/CLK(high)
                      6.75          0.20         -6.55 (VIOLATED)
  mac_q_reg[13]/CLK(high)
                      6.75          0.20         -6.55 (VIOLATED)
  mac_q_reg[14]/CLK(high)
                      6.75          0.20         -6.55 (VIOLATED)
  mac_q_reg[15]/CLK(high)
                      6.75          0.20         -6.55 (VIOLATED)
  mac_q_reg[16]/CLK(high)
                      6.75          0.20         -6.55 (VIOLATED)
  mac_q_reg[17]/CLK(high)
                      6.75          0.20         -6.55 (VIOLATED)
  mac_q_reg[18]/CLK(high)
                      6.75          0.20         -6.55 (VIOLATED)
  mac_q_reg[19]/CLK(high)
                      6.75          0.20         -6.55 (VIOLATED)
  mac_q_reg[20]/CLK(high)
                      6.75          0.20         -6.55 (VIOLATED)
  mac_q_reg[21]/CLK(high)
                      6.75          0.20         -6.55 (VIOLATED)
  mac_q_reg[22]/CLK(high)
                      6.75          0.20         -6.55 (VIOLATED)
  mac_q_reg[23]/CLK(high)
                      6.75          0.20         -6.55 (VIOLATED)
  mac_q_reg[24]/CLK(high)
                      6.75          0.20         -6.55 (VIOLATED)
  mac_q_reg[25]/CLK(high)
                      6.75          0.20         -6.55 (VIOLATED)
  mac_q_reg[26]/CLK(high)
                      6.75          0.20         -6.55 (VIOLATED)
  mac_q_reg[27]/CLK(high)
                      6.75          0.20         -6.55 (VIOLATED)
  mac_q_reg[28]/CLK(high)
                      6.75          0.20         -6.55 (VIOLATED)
  mac_q_reg[29]/CLK(high)
                      6.75          0.20         -6.55 (VIOLATED)
  mac_q_reg[30]/CLK(high)
                      6.75          0.20         -6.55 (VIOLATED)
  mac_q_reg[31]/CLK(high)
                      6.75          0.20         -6.55 (VIOLATED)
  mac_q_reg[32]/CLK(high)
                      6.75          0.20         -6.55 (VIOLATED)
  mac_q_reg[33]/CLK(high)
                      6.75          0.20         -6.55 (VIOLATED)
  mac_q_reg[34]/CLK(high)
                      6.75          0.20         -6.55 (VIOLATED)
  mac_q_reg[35]/CLK(high)
                      6.75          0.20         -6.55 (VIOLATED)
  mac_q_reg[36]/CLK(high)
                      6.75          0.20         -6.55 (VIOLATED)
  mac_q_reg[37]/CLK(high)
                      6.75          0.20         -6.55 (VIOLATED)
  mac_q_reg[38]/CLK(high)
                      6.75          0.20         -6.55 (VIOLATED)
  mac_q_reg[39]/CLK(high)
                      6.75          0.20         -6.55 (VIOLATED)
  mac_q_reg[40]/CLK(high)
                      6.75          0.20         -6.55 (VIOLATED)
  mac_q_reg[41]/CLK(high)
                      6.75          0.20         -6.55 (VIOLATED)
  mac_q_reg[42]/CLK(high)
                      6.75          0.20         -6.55 (VIOLATED)
  mac_q_reg[43]/CLK(high)
                      6.75          0.20         -6.55 (VIOLATED)
  mac_q_reg[44]/CLK(high)
                      6.75          0.20         -6.55 (VIOLATED)
  mac_q_reg[45]/CLK(high)
                      6.75          0.20         -6.55 (VIOLATED)
  mac_q_reg[46]/CLK(high)
                      6.75          0.20         -6.55 (VIOLATED)
  mac_q_reg[47]/CLK(high)
                      6.75          0.20         -6.55 (VIOLATED)
  a_q_reg[0]/CLK(low)
                      4.80          0.20         -4.60 (VIOLATED)
  a_q_reg[1]/CLK(low)
                      4.80          0.20         -4.60 (VIOLATED)
  a_q_reg[2]/CLK(low)
                      4.80          0.20         -4.60 (VIOLATED)
  a_q_reg[3]/CLK(low)
                      4.80          0.20         -4.60 (VIOLATED)
  a_q_reg[4]/CLK(low)
                      4.80          0.20         -4.60 (VIOLATED)
  a_q_reg[5]/CLK(low)
                      4.80          0.20         -4.60 (VIOLATED)
  a_q_reg[6]/CLK(low)
                      4.80          0.20         -4.60 (VIOLATED)
  a_q_reg[7]/CLK(low)
                      4.80          0.20         -4.60 (VIOLATED)
  a_q_reg[8]/CLK(low)
                      4.80          0.20         -4.60 (VIOLATED)
  a_q_reg[9]/CLK(low)
                      4.80          0.20         -4.60 (VIOLATED)
  a_q_reg[10]/CLK(low)
                      4.80          0.20         -4.60 (VIOLATED)
  a_q_reg[11]/CLK(low)
                      4.80          0.20         -4.60 (VIOLATED)
  a_q_reg[12]/CLK(low)
                      4.80          0.20         -4.60 (VIOLATED)
  a_q_reg[13]/CLK(low)
                      4.80          0.20         -4.60 (VIOLATED)
  a_q_reg[14]/CLK(low)
                      4.80          0.20         -4.60 (VIOLATED)
  a_q_reg[15]/CLK(low)
                      4.80          0.20         -4.60 (VIOLATED)
  b_q_reg[0]/CLK(low)
                      4.80          0.20         -4.60 (VIOLATED)
  b_q_reg[1]/CLK(low)
                      4.80          0.20         -4.60 (VIOLATED)
  b_q_reg[2]/CLK(low)
                      4.80          0.20         -4.60 (VIOLATED)
  b_q_reg[3]/CLK(low)
                      4.80          0.20         -4.60 (VIOLATED)
  b_q_reg[4]/CLK(low)
                      4.80          0.20         -4.60 (VIOLATED)
  b_q_reg[5]/CLK(low)
                      4.80          0.20         -4.60 (VIOLATED)
  b_q_reg[6]/CLK(low)
                      4.80          0.20         -4.60 (VIOLATED)
  b_q_reg[7]/CLK(low)
                      4.80          0.20         -4.60 (VIOLATED)
  b_q_reg[8]/CLK(low)
                      4.80          0.20         -4.60 (VIOLATED)
  b_q_reg[9]/CLK(low)
                      4.80          0.20         -4.60 (VIOLATED)
  b_q_reg[10]/CLK(low)
                      4.80          0.20         -4.60 (VIOLATED)
  b_q_reg[11]/CLK(low)
                      4.80          0.20         -4.60 (VIOLATED)
  b_q_reg[12]/CLK(low)
                      4.80          0.20         -4.60 (VIOLATED)
  b_q_reg[13]/CLK(low)
                      4.80          0.20         -4.60 (VIOLATED)
  b_q_reg[14]/CLK(low)
                      4.80          0.20         -4.60 (VIOLATED)
  b_q_reg[15]/CLK(low)
                      4.80          0.20         -4.60 (VIOLATED)
  mac_q_reg[0]/CLK(low)
                      4.80          0.20         -4.60 (VIOLATED)
  mac_q_reg[1]/CLK(low)
                      4.80          0.20         -4.60 (VIOLATED)
  mac_q_reg[2]/CLK(low)
                      4.80          0.20         -4.60 (VIOLATED)
  mac_q_reg[3]/CLK(low)
                      4.80          0.20         -4.60 (VIOLATED)
  mac_q_reg[4]/CLK(low)
                      4.80          0.20         -4.60 (VIOLATED)
  mac_q_reg[5]/CLK(low)
                      4.80          0.20         -4.60 (VIOLATED)
  mac_q_reg[6]/CLK(low)
                      4.80          0.20         -4.60 (VIOLATED)
  mac_q_reg[7]/CLK(low)
                      4.80          0.20         -4.60 (VIOLATED)
  mac_q_reg[8]/CLK(low)
                      4.80          0.20         -4.60 (VIOLATED)
  mac_q_reg[9]/CLK(low)
                      4.80          0.20         -4.60 (VIOLATED)
  mac_q_reg[10]/CLK(low)
                      4.80          0.20         -4.60 (VIOLATED)
  mac_q_reg[11]/CLK(low)
                      4.80          0.20         -4.60 (VIOLATED)
  mac_q_reg[12]/CLK(low)
                      4.80          0.20         -4.60 (VIOLATED)
  mac_q_reg[13]/CLK(low)
                      4.80          0.20         -4.60 (VIOLATED)
  mac_q_reg[14]/CLK(low)
                      4.80          0.20         -4.60 (VIOLATED)
  mac_q_reg[15]/CLK(low)
                      4.80          0.20         -4.60 (VIOLATED)
  mac_q_reg[16]/CLK(low)
                      4.80          0.20         -4.60 (VIOLATED)
  mac_q_reg[17]/CLK(low)
                      4.80          0.20         -4.60 (VIOLATED)
  mac_q_reg[18]/CLK(low)
                      4.80          0.20         -4.60 (VIOLATED)
  mac_q_reg[19]/CLK(low)
                      4.80          0.20         -4.60 (VIOLATED)
  mac_q_reg[20]/CLK(low)
                      4.80          0.20         -4.60 (VIOLATED)
  mac_q_reg[21]/CLK(low)
                      4.80          0.20         -4.60 (VIOLATED)
  mac_q_reg[22]/CLK(low)
                      4.80          0.20         -4.60 (VIOLATED)
  mac_q_reg[23]/CLK(low)
                      4.80          0.20         -4.60 (VIOLATED)
  mac_q_reg[24]/CLK(low)
                      4.80          0.20         -4.60 (VIOLATED)
  mac_q_reg[25]/CLK(low)
                      4.80          0.20         -4.60 (VIOLATED)
  mac_q_reg[26]/CLK(low)
                      4.80          0.20         -4.60 (VIOLATED)
  mac_q_reg[27]/CLK(low)
                      4.80          0.20         -4.60 (VIOLATED)
  mac_q_reg[28]/CLK(low)
                      4.80          0.20         -4.60 (VIOLATED)
  mac_q_reg[29]/CLK(low)
                      4.80          0.20         -4.60 (VIOLATED)
  mac_q_reg[30]/CLK(low)
                      4.80          0.20         -4.60 (VIOLATED)
  mac_q_reg[31]/CLK(low)
                      4.80          0.20         -4.60 (VIOLATED)
  mac_q_reg[32]/CLK(low)
                      4.80          0.20         -4.60 (VIOLATED)
  mac_q_reg[33]/CLK(low)
                      4.80          0.20         -4.60 (VIOLATED)
  mac_q_reg[34]/CLK(low)
                      4.80          0.20         -4.60 (VIOLATED)
  mac_q_reg[35]/CLK(low)
                      4.80          0.20         -4.60 (VIOLATED)
  mac_q_reg[36]/CLK(low)
                      4.80          0.20         -4.60 (VIOLATED)
  mac_q_reg[37]/CLK(low)
                      4.80          0.20         -4.60 (VIOLATED)
  mac_q_reg[38]/CLK(low)
                      4.80          0.20         -4.60 (VIOLATED)
  mac_q_reg[39]/CLK(low)
                      4.80          0.20         -4.60 (VIOLATED)
  mac_q_reg[40]/CLK(low)
                      4.80          0.20         -4.60 (VIOLATED)
  mac_q_reg[41]/CLK(low)
                      4.80          0.20         -4.60 (VIOLATED)
  mac_q_reg[42]/CLK(low)
                      4.80          0.20         -4.60 (VIOLATED)
  mac_q_reg[43]/CLK(low)
                      4.80          0.20         -4.60 (VIOLATED)
  mac_q_reg[44]/CLK(low)
                      4.80          0.20         -4.60 (VIOLATED)
  mac_q_reg[45]/CLK(low)
                      4.80          0.20         -4.60 (VIOLATED)
  mac_q_reg[46]/CLK(low)
                      4.80          0.20         -4.60 (VIOLATED)
  mac_q_reg[47]/CLK(low)
                      4.80          0.20         -4.60 (VIOLATED)

1
