 
****************************************
Report : path_group
Design : mac_unit
Version: V-2023.12-SP5
Date   : Tue Sep 23 02:27:04 2025
****************************************

                        Critical
Group Name    Weight    Range
--------------------------------------------------------------------------------
**default**   1.00      0.00                 
COMBO         5.00      1.00                 
INPUTS        1.00      0.50                 
MAIN_CLOCK    5.00      0.50                 
OUTPUTS       1.00      0.50                 

Path Group COMBO:
	-from    { clk\
		   rst\
		   x_new[15]\
		   x_new[14]\
		   x_new[13]\
		   x_new[12]\
		   x_new[11]\
		   x_new[10]\
		   x_new[9]\
		   x_new[8]\
		   x_new[7]\
		   x_new[6]\
		   x_new[5]\
		   x_new[4]\
		   x_new[3]\
		   x_new[2]\
		   x_new[1]\
		   x_new[0]\
		   w_new[15]\
		   w_new[14]\
		   w_new[13]\
		   w_new[12]\
		   w_new[11]\
		   w_new[10]\
		   w_new[9]\
		   w_new[8]\
		   w_new[7]\
		   w_new[6]\
		   w_new[5]\
		   w_new[4]\
		   w_new[3]\
		   w_new[2]\
		   w_new[1]\
		   w_new[0] }\
	-to      { x_old[15]\
		   x_old[14]\
		   x_old[13]\
		   x_old[12]\
		   x_old[11]\
		   x_old[10]\
		   x_old[9]\
		   x_old[8]\
		   x_old[7]\
		   x_old[6]\
		   x_old[5]\
		   x_old[4]\
		   x_old[3]\
		   x_old[2]\
		   x_old[1]\
		   x_old[0]\
		   w_old[15]\
		   w_old[14]\
		   w_old[13]\
		   w_old[12]\
		   w_old[11]\
		   w_old[10]\
		   w_old[9]\
		   w_old[8]\
		   w_old[7]\
		   w_old[6]\
		   w_old[5]\
		   w_old[4]\
		   w_old[3]\
		   w_old[2]\
		   w_old[1]\
		   w_old[0]\
		   pe_val[31]\
		   pe_val[30]\
		   pe_val[29]\
		   pe_val[28]\
		   pe_val[27]\
		   pe_val[26]\
		   pe_val[25]\
		   pe_val[24]\
		   pe_val[23]\
		   pe_val[22]\
		   pe_val[21]\
		   pe_val[20]\
		   pe_val[19]\
		   pe_val[18]\
		   pe_val[17]\
		   pe_val[16]\
		   pe_val[15]\
		   pe_val[14]\
		   pe_val[13]\
		   pe_val[12]\
		   pe_val[11]\
		   pe_val[10]\
		   pe_val[9]\
		   pe_val[8]\
		   pe_val[7]\
		   pe_val[6]\
		   pe_val[5]\
		   pe_val[4]\
		   pe_val[3]\
		   pe_val[2]\
		   pe_val[1]\
		   pe_val[0] }

Path Group INPUTS:
	-from    { clk\
		   rst\
		   x_new[15]\
		   x_new[14]\
		   x_new[13]\
		   x_new[12]\
		   x_new[11]\
		   x_new[10]\
		   x_new[9]\
		   x_new[8]\
		   x_new[7]\
		   x_new[6]\
		   x_new[5]\
		   x_new[4]\
		   x_new[3]\
		   x_new[2]\
		   x_new[1]\
		   x_new[0]\
		   w_new[15]\
		   w_new[14]\
		   w_new[13]\
		   w_new[12]\
		   w_new[11]\
		   w_new[10]\
		   w_new[9]\
		   w_new[8]\
		   w_new[7]\
		   w_new[6]\
		   w_new[5]\
		   w_new[4]\
		   w_new[3]\
		   w_new[2]\
		   w_new[1]\
		   w_new[0] }

Path Group MAIN_CLOCK:
	-to      MAIN_CLOCK

Path Group OUTPUTS:
	-to      { x_old[15]\
		   x_old[14]\
		   x_old[13]\
		   x_old[12]\
		   x_old[11]\
		   x_old[10]\
		   x_old[9]\
		   x_old[8]\
		   x_old[7]\
		   x_old[6]\
		   x_old[5]\
		   x_old[4]\
		   x_old[3]\
		   x_old[2]\
		   x_old[1]\
		   x_old[0]\
		   w_old[15]\
		   w_old[14]\
		   w_old[13]\
		   w_old[12]\
		   w_old[11]\
		   w_old[10]\
		   w_old[9]\
		   w_old[8]\
		   w_old[7]\
		   w_old[6]\
		   w_old[5]\
		   w_old[4]\
		   w_old[3]\
		   w_old[2]\
		   w_old[1]\
		   w_old[0]\
		   pe_val[31]\
		   pe_val[30]\
		   pe_val[29]\
		   pe_val[28]\
		   pe_val[27]\
		   pe_val[26]\
		   pe_val[25]\
		   pe_val[24]\
		   pe_val[23]\
		   pe_val[22]\
		   pe_val[21]\
		   pe_val[20]\
		   pe_val[19]\
		   pe_val[18]\
		   pe_val[17]\
		   pe_val[16]\
		   pe_val[15]\
		   pe_val[14]\
		   pe_val[13]\
		   pe_val[12]\
		   pe_val[11]\
		   pe_val[10]\
		   pe_val[9]\
		   pe_val[8]\
		   pe_val[7]\
		   pe_val[6]\
		   pe_val[5]\
		   pe_val[4]\
		   pe_val[3]\
		   pe_val[2]\
		   pe_val[1]\
		   pe_val[0] }

1
