 
****************************************
Report : area
Design : mac_unit
Version: V-2023.12-SP5
Date   : Tue Sep 23 02:27:04 2025
****************************************

Library(s) Used:

    NanGate_15nm_OCL (File: /home/csarch/workspace/MOSA_RTL/syn/pdk/NanGate_15nm_OCL_v0.1_2014_06_Apache.A/front_end/timing_power_noise/NLDM/NanGate_15nm_OCL.db)

Number of ports:                           98
Number of nets:                          1202
Number of cells:                          999
Number of combinational cells:            934
Number of sequential cells:                64
Number of macros/black boxes:               0
Number of buf/inv:                        226
Number of references:                      15

Combinational area:                381.517833
Buf/Inv area:                       36.175873
Noncombinational area:              81.788925
Macro/Black Box area:                0.000000
Net Interconnect area:      undefined  (No wire load specified)

Total cell area:                   463.306759
Total area:                 undefined
1
