 
****************************************
Report : path_group
Design : mac_unit
Version: V-2023.12-SP5
Date   : Mon Sep 22 08:34:23 2025
****************************************

                        Critical
Group Name    Weight    Range
--------------------------------------------------------------------------------
**default**   1.00      0.00                 
COMBO         5.00      1.00                 
INPUTS        1.00      0.50                 
MAIN_CLOCK    5.00      0.50                 
OUTPUTS       1.00      0.50                 

Path Group COMBO:
	-from    { clk\
		   rst\
		   x_new[7]\
		   x_new[6]\
		   x_new[5]\
		   x_new[4]\
		   x_new[3]\
		   x_new[2]\
		   x_new[1]\
		   x_new[0]\
		   w_new[7]\
		   w_new[6]\
		   w_new[5]\
		   w_new[4]\
		   w_new[3]\
		   w_new[2]\
		   w_new[1]\
		   w_new[0]\
		   sel0[1]\
		   sel0[0]\
		   sel1[1]\
		   sel1[0]\
		   sel2\
		   sel3\
		   sel4[1]\
		   sel4[0] }\
	-to      { x_old_out[7]\
		   x_old_out[6]\
		   x_old_out[5]\
		   x_old_out[4]\
		   x_old_out[3]\
		   x_old_out[2]\
		   x_old_out[1]\
		   x_old_out[0]\
		   w_old_out[7]\
		   w_old_out[6]\
		   w_old_out[5]\
		   w_old_out[4]\
		   w_old_out[3]\
		   w_old_out[2]\
		   w_old_out[1]\
		   w_old_out[0]\
		   pe_val_out[31]\
		   pe_val_out[30]\
		   pe_val_out[29]\
		   pe_val_out[28]\
		   pe_val_out[27]\
		   pe_val_out[26]\
		   pe_val_out[25]\
		   pe_val_out[24]\
		   pe_val_out[23]\
		   pe_val_out[22]\
		   pe_val_out[21]\
		   pe_val_out[20]\
		   pe_val_out[19]\
		   pe_val_out[18]\
		   pe_val_out[17]\
		   pe_val_out[16]\
		   pe_val_out[15]\
		   pe_val_out[14]\
		   pe_val_out[13]\
		   pe_val_out[12]\
		   pe_val_out[11]\
		   pe_val_out[10]\
		   pe_val_out[9]\
		   pe_val_out[8]\
		   pe_val_out[7]\
		   pe_val_out[6]\
		   pe_val_out[5]\
		   pe_val_out[4]\
		   pe_val_out[3]\
		   pe_val_out[2]\
		   pe_val_out[1]\
		   pe_val_out[0]\
		   result_out[63]\
		   result_out[62]\
		   result_out[61]\
		   result_out[60]\
		   result_out[59]\
		   result_out[58]\
		   result_out[57]\
		   result_out[56]\
		   result_out[55]\
		   result_out[54]\
		   result_out[53]\
		   result_out[52]\
		   result_out[51]\
		   result_out[50]\
		   result_out[49]\
		   result_out[48]\
		   result_out[47]\
		   result_out[46]\
		   result_out[45]\
		   result_out[44]\
		   result_out[43]\
		   result_out[42]\
		   result_out[41]\
		   result_out[40]\
		   result_out[39]\
		   result_out[38]\
		   result_out[37]\
		   result_out[36]\
		   result_out[35]\
		   result_out[34]\
		   result_out[33]\
		   result_out[32]\
		   result_out[31]\
		   result_out[30]\
		   result_out[29]\
		   result_out[28]\
		   result_out[27]\
		   result_out[26]\
		   result_out[25]\
		   result_out[24]\
		   result_out[23]\
		   result_out[22]\
		   result_out[21]\
		   result_out[20]\
		   result_out[19]\
		   result_out[18]\
		   result_out[17]\
		   result_out[16]\
		   result_out[15]\
		   result_out[14]\
		   result_out[13]\
		   result_out[12]\
		   result_out[11]\
		   result_out[10]\
		   result_out[9]\
		   result_out[8]\
		   result_out[7]\
		   result_out[6]\
		   result_out[5]\
		   result_out[4]\
		   result_out[3]\
		   result_out[2]\
		   result_out[1]\
		   result_out[0] }

Path Group INPUTS:
	-from    { clk\
		   rst\
		   x_new[7]\
		   x_new[6]\
		   x_new[5]\
		   x_new[4]\
		   x_new[3]\
		   x_new[2]\
		   x_new[1]\
		   x_new[0]\
		   w_new[7]\
		   w_new[6]\
		   w_new[5]\
		   w_new[4]\
		   w_new[3]\
		   w_new[2]\
		   w_new[1]\
		   w_new[0]\
		   sel0[1]\
		   sel0[0]\
		   sel1[1]\
		   sel1[0]\
		   sel2\
		   sel3\
		   sel4[1]\
		   sel4[0] }

Path Group MAIN_CLOCK:
	-to      MAIN_CLOCK

Path Group OUTPUTS:
	-to      { x_old_out[7]\
		   x_old_out[6]\
		   x_old_out[5]\
		   x_old_out[4]\
		   x_old_out[3]\
		   x_old_out[2]\
		   x_old_out[1]\
		   x_old_out[0]\
		   w_old_out[7]\
		   w_old_out[6]\
		   w_old_out[5]\
		   w_old_out[4]\
		   w_old_out[3]\
		   w_old_out[2]\
		   w_old_out[1]\
		   w_old_out[0]\
		   pe_val_out[31]\
		   pe_val_out[30]\
		   pe_val_out[29]\
		   pe_val_out[28]\
		   pe_val_out[27]\
		   pe_val_out[26]\
		   pe_val_out[25]\
		   pe_val_out[24]\
		   pe_val_out[23]\
		   pe_val_out[22]\
		   pe_val_out[21]\
		   pe_val_out[20]\
		   pe_val_out[19]\
		   pe_val_out[18]\
		   pe_val_out[17]\
		   pe_val_out[16]\
		   pe_val_out[15]\
		   pe_val_out[14]\
		   pe_val_out[13]\
		   pe_val_out[12]\
		   pe_val_out[11]\
		   pe_val_out[10]\
		   pe_val_out[9]\
		   pe_val_out[8]\
		   pe_val_out[7]\
		   pe_val_out[6]\
		   pe_val_out[5]\
		   pe_val_out[4]\
		   pe_val_out[3]\
		   pe_val_out[2]\
		   pe_val_out[1]\
		   pe_val_out[0]\
		   result_out[63]\
		   result_out[62]\
		   result_out[61]\
		   result_out[60]\
		   result_out[59]\
		   result_out[58]\
		   result_out[57]\
		   result_out[56]\
		   result_out[55]\
		   result_out[54]\
		   result_out[53]\
		   result_out[52]\
		   result_out[51]\
		   result_out[50]\
		   result_out[49]\
		   result_out[48]\
		   result_out[47]\
		   result_out[46]\
		   result_out[45]\
		   result_out[44]\
		   result_out[43]\
		   result_out[42]\
		   result_out[41]\
		   result_out[40]\
		   result_out[39]\
		   result_out[38]\
		   result_out[37]\
		   result_out[36]\
		   result_out[35]\
		   result_out[34]\
		   result_out[33]\
		   result_out[32]\
		   result_out[31]\
		   result_out[30]\
		   result_out[29]\
		   result_out[28]\
		   result_out[27]\
		   result_out[26]\
		   result_out[25]\
		   result_out[24]\
		   result_out[23]\
		   result_out[22]\
		   result_out[21]\
		   result_out[20]\
		   result_out[19]\
		   result_out[18]\
		   result_out[17]\
		   result_out[16]\
		   result_out[15]\
		   result_out[14]\
		   result_out[13]\
		   result_out[12]\
		   result_out[11]\
		   result_out[10]\
		   result_out[9]\
		   result_out[8]\
		   result_out[7]\
		   result_out[6]\
		   result_out[5]\
		   result_out[4]\
		   result_out[3]\
		   result_out[2]\
		   result_out[1]\
		   result_out[0] }

1
