 
****************************************
Report : power
        -analysis_effort low
Design : mac_unit
Version: V-2023.12-SP5
Date   : Wed Sep 24 08:50:08 2025
****************************************


Library(s) Used:

    NanGate_15nm_OCL (File: /home/csarch/workspace/MOSA_RTL/syn/pdk/NanGate_15nm_OCL_v0.1_2014_06_Apache.A/front_end/timing_power_noise/NLDM/NanGate_15nm_OCL.db)


Operating Conditions: typical   Library: NanGate_15nm_OCL
Wire Load Model Mode: top


Global Operating Voltage = 0.8  
Power-specific unit information :
    Voltage Units = 1V
    Capacitance Units = 1.000000ff
    Time Units = 1ps
    Dynamic Power Units = 1mW    (derived from V,C,T units)
    Leakage Power Units = 1pW


Attributes
----------
i - Including register clock pin internal power


  Cell Internal Power  = 425.5500 uW   (69%)
  Net Switching Power  = 191.2493 uW   (31%)
                         ---------
Total Dynamic Power    = 616.7994 uW  (100%)

Cell Leakage Power     =  37.6044 uW


                 Internal         Switching           Leakage            Total
Power Group      Power            Power               Power              Power   (   %    )  Attrs
--------------------------------------------------------------------------------------------------
io_pad             0.0000            0.0000            0.0000            0.0000  (   0.00%)
memory             0.0000            0.0000            0.0000            0.0000  (   0.00%)
black_box          0.0000            0.0000            0.0000            0.0000  (   0.00%)
clock_network      0.2399            0.0000            0.0000            0.2399  (  36.66%)  i
register       1.7025e-02        2.8867e-03        5.7472e+06        2.5658e-02  (   3.92%)
sequential         0.0000            0.0000            0.0000            0.0000  (   0.00%)
combinational      0.1686            0.1884        3.1857e+07            0.3889  (  59.42%)
--------------------------------------------------------------------------------------------------
Total              0.4256 mW         0.1912 mW     3.7604e+07 pW         0.6544 mW
1
