 
****************************************
Report : path_group
Design : mac_unit
Version: V-2023.12-SP5
Date   : Wed Sep 24 08:50:08 2025
****************************************

                        Critical
Group Name    Weight    Range
--------------------------------------------------------------------------------
**default**   1.00      0.00                 
COMBO         5.00      1.00                 
INPUTS        1.00      0.50                 
MAIN_CLOCK    5.00      0.50                 
OUTPUTS       1.00      0.50                 

Path Group COMBO:
	-from    { clk\
		   rst\
		   x_new[31]\
		   x_new[30]\
		   x_new[29]\
		   x_new[28]\
		   x_new[27]\
		   x_new[26]\
		   x_new[25]\
		   x_new[24]\
		   x_new[23]\
		   x_new[22]\
		   x_new[21]\
		   x_new[20]\
		   x_new[19]\
		   x_new[18]\
		   x_new[17]\
		   x_new[16]\
		   x_new[15]\
		   x_new[14]\
		   x_new[13]\
		   x_new[12]\
		   x_new[11]\
		   x_new[10]\
		   x_new[9]\
		   x_new[8]\
		   x_new[7]\
		   x_new[6]\
		   x_new[5]\
		   x_new[4]\
		   x_new[3]\
		   x_new[2]\
		   x_new[1]\
		   x_new[0]\
		   w_new[31]\
		   w_new[30]\
		   w_new[29]\
		   w_new[28]\
		   w_new[27]\
		   w_new[26]\
		   w_new[25]\
		   w_new[24]\
		   w_new[23]\
		   w_new[22]\
		   w_new[21]\
		   w_new[20]\
		   w_new[19]\
		   w_new[18]\
		   w_new[17]\
		   w_new[16]\
		   w_new[15]\
		   w_new[14]\
		   w_new[13]\
		   w_new[12]\
		   w_new[11]\
		   w_new[10]\
		   w_new[9]\
		   w_new[8]\
		   w_new[7]\
		   w_new[6]\
		   w_new[5]\
		   w_new[4]\
		   w_new[3]\
		   w_new[2]\
		   w_new[1]\
		   w_new[0]\
		   sel0[1]\
		   sel0[0]\
		   sel1[1]\
		   sel1[0]\
		   sel2\
		   sel3\
		   sel4[1]\
		   sel4[0] }\
	-to      { x_old_out[31]\
		   x_old_out[30]\
		   x_old_out[29]\
		   x_old_out[28]\
		   x_old_out[27]\
		   x_old_out[26]\
		   x_old_out[25]\
		   x_old_out[24]\
		   x_old_out[23]\
		   x_old_out[22]\
		   x_old_out[21]\
		   x_old_out[20]\
		   x_old_out[19]\
		   x_old_out[18]\
		   x_old_out[17]\
		   x_old_out[16]\
		   x_old_out[15]\
		   x_old_out[14]\
		   x_old_out[13]\
		   x_old_out[12]\
		   x_old_out[11]\
		   x_old_out[10]\
		   x_old_out[9]\
		   x_old_out[8]\
		   x_old_out[7]\
		   x_old_out[6]\
		   x_old_out[5]\
		   x_old_out[4]\
		   x_old_out[3]\
		   x_old_out[2]\
		   x_old_out[1]\
		   x_old_out[0]\
		   w_old_out[31]\
		   w_old_out[30]\
		   w_old_out[29]\
		   w_old_out[28]\
		   w_old_out[27]\
		   w_old_out[26]\
		   w_old_out[25]\
		   w_old_out[24]\
		   w_old_out[23]\
		   w_old_out[22]\
		   w_old_out[21]\
		   w_old_out[20]\
		   w_old_out[19]\
		   w_old_out[18]\
		   w_old_out[17]\
		   w_old_out[16]\
		   w_old_out[15]\
		   w_old_out[14]\
		   w_old_out[13]\
		   w_old_out[12]\
		   w_old_out[11]\
		   w_old_out[10]\
		   w_old_out[9]\
		   w_old_out[8]\
		   w_old_out[7]\
		   w_old_out[6]\
		   w_old_out[5]\
		   w_old_out[4]\
		   w_old_out[3]\
		   w_old_out[2]\
		   w_old_out[1]\
		   w_old_out[0]\
		   pe_val_out[31]\
		   pe_val_out[30]\
		   pe_val_out[29]\
		   pe_val_out[28]\
		   pe_val_out[27]\
		   pe_val_out[26]\
		   pe_val_out[25]\
		   pe_val_out[24]\
		   pe_val_out[23]\
		   pe_val_out[22]\
		   pe_val_out[21]\
		   pe_val_out[20]\
		   pe_val_out[19]\
		   pe_val_out[18]\
		   pe_val_out[17]\
		   pe_val_out[16]\
		   pe_val_out[15]\
		   pe_val_out[14]\
		   pe_val_out[13]\
		   pe_val_out[12]\
		   pe_val_out[11]\
		   pe_val_out[10]\
		   pe_val_out[9]\
		   pe_val_out[8]\
		   pe_val_out[7]\
		   pe_val_out[6]\
		   pe_val_out[5]\
		   pe_val_out[4]\
		   pe_val_out[3]\
		   pe_val_out[2]\
		   pe_val_out[1]\
		   pe_val_out[0]\
		   result_out[31]\
		   result_out[30]\
		   result_out[29]\
		   result_out[28]\
		   result_out[27]\
		   result_out[26]\
		   result_out[25]\
		   result_out[24]\
		   result_out[23]\
		   result_out[22]\
		   result_out[21]\
		   result_out[20]\
		   result_out[19]\
		   result_out[18]\
		   result_out[17]\
		   result_out[16]\
		   result_out[15]\
		   result_out[14]\
		   result_out[13]\
		   result_out[12]\
		   result_out[11]\
		   result_out[10]\
		   result_out[9]\
		   result_out[8]\
		   result_out[7]\
		   result_out[6]\
		   result_out[5]\
		   result_out[4]\
		   result_out[3]\
		   result_out[2]\
		   result_out[1]\
		   result_out[0] }

Path Group INPUTS:
	-from    { clk\
		   rst\
		   x_new[31]\
		   x_new[30]\
		   x_new[29]\
		   x_new[28]\
		   x_new[27]\
		   x_new[26]\
		   x_new[25]\
		   x_new[24]\
		   x_new[23]\
		   x_new[22]\
		   x_new[21]\
		   x_new[20]\
		   x_new[19]\
		   x_new[18]\
		   x_new[17]\
		   x_new[16]\
		   x_new[15]\
		   x_new[14]\
		   x_new[13]\
		   x_new[12]\
		   x_new[11]\
		   x_new[10]\
		   x_new[9]\
		   x_new[8]\
		   x_new[7]\
		   x_new[6]\
		   x_new[5]\
		   x_new[4]\
		   x_new[3]\
		   x_new[2]\
		   x_new[1]\
		   x_new[0]\
		   w_new[31]\
		   w_new[30]\
		   w_new[29]\
		   w_new[28]\
		   w_new[27]\
		   w_new[26]\
		   w_new[25]\
		   w_new[24]\
		   w_new[23]\
		   w_new[22]\
		   w_new[21]\
		   w_new[20]\
		   w_new[19]\
		   w_new[18]\
		   w_new[17]\
		   w_new[16]\
		   w_new[15]\
		   w_new[14]\
		   w_new[13]\
		   w_new[12]\
		   w_new[11]\
		   w_new[10]\
		   w_new[9]\
		   w_new[8]\
		   w_new[7]\
		   w_new[6]\
		   w_new[5]\
		   w_new[4]\
		   w_new[3]\
		   w_new[2]\
		   w_new[1]\
		   w_new[0]\
		   sel0[1]\
		   sel0[0]\
		   sel1[1]\
		   sel1[0]\
		   sel2\
		   sel3\
		   sel4[1]\
		   sel4[0] }

Path Group MAIN_CLOCK:
	-to      MAIN_CLOCK

Path Group OUTPUTS:
	-to      { x_old_out[31]\
		   x_old_out[30]\
		   x_old_out[29]\
		   x_old_out[28]\
		   x_old_out[27]\
		   x_old_out[26]\
		   x_old_out[25]\
		   x_old_out[24]\
		   x_old_out[23]\
		   x_old_out[22]\
		   x_old_out[21]\
		   x_old_out[20]\
		   x_old_out[19]\
		   x_old_out[18]\
		   x_old_out[17]\
		   x_old_out[16]\
		   x_old_out[15]\
		   x_old_out[14]\
		   x_old_out[13]\
		   x_old_out[12]\
		   x_old_out[11]\
		   x_old_out[10]\
		   x_old_out[9]\
		   x_old_out[8]\
		   x_old_out[7]\
		   x_old_out[6]\
		   x_old_out[5]\
		   x_old_out[4]\
		   x_old_out[3]\
		   x_old_out[2]\
		   x_old_out[1]\
		   x_old_out[0]\
		   w_old_out[31]\
		   w_old_out[30]\
		   w_old_out[29]\
		   w_old_out[28]\
		   w_old_out[27]\
		   w_old_out[26]\
		   w_old_out[25]\
		   w_old_out[24]\
		   w_old_out[23]\
		   w_old_out[22]\
		   w_old_out[21]\
		   w_old_out[20]\
		   w_old_out[19]\
		   w_old_out[18]\
		   w_old_out[17]\
		   w_old_out[16]\
		   w_old_out[15]\
		   w_old_out[14]\
		   w_old_out[13]\
		   w_old_out[12]\
		   w_old_out[11]\
		   w_old_out[10]\
		   w_old_out[9]\
		   w_old_out[8]\
		   w_old_out[7]\
		   w_old_out[6]\
		   w_old_out[5]\
		   w_old_out[4]\
		   w_old_out[3]\
		   w_old_out[2]\
		   w_old_out[1]\
		   w_old_out[0]\
		   pe_val_out[31]\
		   pe_val_out[30]\
		   pe_val_out[29]\
		   pe_val_out[28]\
		   pe_val_out[27]\
		   pe_val_out[26]\
		   pe_val_out[25]\
		   pe_val_out[24]\
		   pe_val_out[23]\
		   pe_val_out[22]\
		   pe_val_out[21]\
		   pe_val_out[20]\
		   pe_val_out[19]\
		   pe_val_out[18]\
		   pe_val_out[17]\
		   pe_val_out[16]\
		   pe_val_out[15]\
		   pe_val_out[14]\
		   pe_val_out[13]\
		   pe_val_out[12]\
		   pe_val_out[11]\
		   pe_val_out[10]\
		   pe_val_out[9]\
		   pe_val_out[8]\
		   pe_val_out[7]\
		   pe_val_out[6]\
		   pe_val_out[5]\
		   pe_val_out[4]\
		   pe_val_out[3]\
		   pe_val_out[2]\
		   pe_val_out[1]\
		   pe_val_out[0]\
		   result_out[31]\
		   result_out[30]\
		   result_out[29]\
		   result_out[28]\
		   result_out[27]\
		   result_out[26]\
		   result_out[25]\
		   result_out[24]\
		   result_out[23]\
		   result_out[22]\
		   result_out[21]\
		   result_out[20]\
		   result_out[19]\
		   result_out[18]\
		   result_out[17]\
		   result_out[16]\
		   result_out[15]\
		   result_out[14]\
		   result_out[13]\
		   result_out[12]\
		   result_out[11]\
		   result_out[10]\
		   result_out[9]\
		   result_out[8]\
		   result_out[7]\
		   result_out[6]\
		   result_out[5]\
		   result_out[4]\
		   result_out[3]\
		   result_out[2]\
		   result_out[1]\
		   result_out[0] }

1
