Information: Building the design 'fpnew_classifier' instantiated from design 'fpnew_fma_2_2_0__logic_Z_1yB___logic_Z_1yB__0_0_0_0_0_0_0_1' with
	the parameters "FpFormat=3'h2,NumOperands=3". (HDL-193)
Warning: Cannot find the design 'fpnew_classifier' in the library 'WORK'. (LBR-1)
Information: Building the design 'lzc' instantiated from design 'fpnew_fma_2_2_0__logic_Z_1yB___logic_Z_1yB__0_0_0_0_0_0_0_1' with
	the parameters "WIDTH=32'h00000019,MODE=1". (HDL-193)
Warning: Cannot find the design 'lzc' in the library 'WORK'. (LBR-1)
Information: Building the design 'fpnew_rounding' instantiated from design 'fpnew_fma_2_2_0__logic_Z_1yB___logic_Z_1yB__0_0_0_0_0_0_0_1' with
	the parameters "AbsWidth=@28206b3a32373220743a20693a2028206b3a31383220743a32393a22617272617928302533312530256c6f6769632925386667493162642220693a20683a33323a303030303030303520292028206b3a31383220743a32393a22617272617928302533312530256c6f6769632925386667493162642220693a20683a33323a3030303030303061202920292000@". (HDL-193)
Warning: Cannot find the design 'fpnew_rounding' in the library 'WORK'. (LBR-1)
Warning: Unable to resolve reference 'fpnew_classifier' in 'fpnew_fma_2_2_0__logic_Z_1yB___logic_Z_1yB__0_0_0_0_0_0_0_1'. (LINK-5)
Warning: Unable to resolve reference 'lzc' in 'fpnew_fma_2_2_0__logic_Z_1yB___logic_Z_1yB__0_0_0_0_0_0_0_1'. (LINK-5)
Warning: Unable to resolve reference 'fpnew_rounding' in 'fpnew_fma_2_2_0__logic_Z_1yB___logic_Z_1yB__0_0_0_0_0_0_0_1'. (LINK-5)
Information: Updating design information... (UID-85)
 
****************************************
Report : constraint
        -all_violators
Design : sa_processing_element
Version: V-2023.12-SP5
Date   : Sun Oct  5 11:18:52 2025
****************************************


   min_delay/hold ('INPUTS' group)

                             Required        Actual
   Endpoint                 Path Delay     Path Delay        Slack
   -----------------------------------------------------------------
   fma_i/fma_i/inp_pipe_operands_q_reg[1][0][0]/D
                                0.31           0.10 f        -0.21  (VIOLATED)
   fma_i/fma_i/inp_pipe_operands_q_reg[1][0][1]/D
                                0.31           0.10 f        -0.21  (VIOLATED)
   fma_i/fma_i/inp_pipe_operands_q_reg[1][0][2]/D
                                0.31           0.10 f        -0.21  (VIOLATED)
   fma_i/fma_i/inp_pipe_operands_q_reg[1][0][3]/D
                                0.31           0.10 f        -0.21  (VIOLATED)
   fma_i/fma_i/inp_pipe_operands_q_reg[1][0][4]/D
                                0.31           0.10 f        -0.21  (VIOLATED)
   fma_i/fma_i/inp_pipe_operands_q_reg[1][0][5]/D
                                0.31           0.10 f        -0.21  (VIOLATED)
   fma_i/fma_i/inp_pipe_operands_q_reg[1][0][6]/D
                                0.31           0.10 f        -0.21  (VIOLATED)
   fma_i/fma_i/inp_pipe_operands_q_reg[1][0][7]/D
                                0.31           0.10 f        -0.21  (VIOLATED)
   fma_i/fma_i/inp_pipe_operands_q_reg[1][0][8]/D
                                0.31           0.10 f        -0.21  (VIOLATED)
   fma_i/fma_i/inp_pipe_operands_q_reg[1][0][9]/D
                                0.31           0.10 f        -0.21  (VIOLATED)
   fma_i/fma_i/inp_pipe_operands_q_reg[1][0][10]/D
                                0.31           0.10 f        -0.21  (VIOLATED)
   fma_i/fma_i/inp_pipe_operands_q_reg[1][0][11]/D
                                0.31           0.10 f        -0.21  (VIOLATED)
   fma_i/fma_i/inp_pipe_operands_q_reg[1][0][12]/D
                                0.31           0.10 f        -0.21  (VIOLATED)
   fma_i/fma_i/inp_pipe_operands_q_reg[1][0][13]/D
                                0.31           0.10 f        -0.21  (VIOLATED)
   fma_i/fma_i/inp_pipe_operands_q_reg[1][0][14]/D
                                0.31           0.10 f        -0.21  (VIOLATED)
   fma_i/fma_i/inp_pipe_operands_q_reg[1][0][15]/D
                                0.31           0.10 f        -0.21  (VIOLATED)
   fma_i/fma_i/inp_pipe_operands_q_reg[1][1][0]/D
                                0.31           0.10 f        -0.21  (VIOLATED)
   fma_i/fma_i/inp_pipe_operands_q_reg[1][1][1]/D
                                0.31           0.10 f        -0.21  (VIOLATED)
   fma_i/fma_i/inp_pipe_operands_q_reg[1][1][2]/D
                                0.31           0.10 f        -0.21  (VIOLATED)
   fma_i/fma_i/inp_pipe_operands_q_reg[1][1][3]/D
                                0.31           0.10 f        -0.21  (VIOLATED)
   fma_i/fma_i/inp_pipe_operands_q_reg[1][1][4]/D
                                0.31           0.10 f        -0.21  (VIOLATED)
   fma_i/fma_i/inp_pipe_operands_q_reg[1][1][5]/D
                                0.31           0.10 f        -0.21  (VIOLATED)
   fma_i/fma_i/inp_pipe_operands_q_reg[1][1][6]/D
                                0.31           0.10 f        -0.21  (VIOLATED)
   fma_i/fma_i/inp_pipe_operands_q_reg[1][1][7]/D
                                0.31           0.10 f        -0.21  (VIOLATED)
   fma_i/fma_i/inp_pipe_operands_q_reg[1][1][8]/D
                                0.31           0.10 f        -0.21  (VIOLATED)
   fma_i/fma_i/inp_pipe_operands_q_reg[1][1][9]/D
                                0.31           0.10 f        -0.21  (VIOLATED)
   fma_i/fma_i/inp_pipe_operands_q_reg[1][1][10]/D
                                0.31           0.10 f        -0.21  (VIOLATED)
   fma_i/fma_i/inp_pipe_operands_q_reg[1][1][11]/D
                                0.31           0.10 f        -0.21  (VIOLATED)
   fma_i/fma_i/inp_pipe_operands_q_reg[1][1][12]/D
                                0.31           0.10 f        -0.21  (VIOLATED)
   fma_i/fma_i/inp_pipe_operands_q_reg[1][1][13]/D
                                0.31           0.10 f        -0.21  (VIOLATED)
   fma_i/fma_i/inp_pipe_operands_q_reg[1][1][14]/D
                                0.31           0.10 f        -0.21  (VIOLATED)
   fma_i/fma_i/inp_pipe_operands_q_reg[1][1][15]/D
                                0.31           0.10 f        -0.21  (VIOLATED)


   max_area

                             Required        Actual
   Design                      Area           Area           Slack
   -----------------------------------------------------------------
   sa_processing_element        0.00         769.52        -769.52  (VIOLATED)


   max_leakage_power

                             Required        Actual
   Design                   Leakage Power  Leakage Power     Slack
   -----------------------------------------------------------------
   sa_processing_element        0.00       30059486.00    -30059486.00
                                                                    (VIOLATED)


1
